##:##:## INF No Azure Linux project found; some commands will not be available.
##:##:## ERR Error: a valid project and configuration are required to execute this command
##:##:## WRN =================================================================
##:##:## WRN     Please either use the -C option to specify a path to the root directory of your Azure Linux project/repo, or else run this tool from within a directory tree that contains an 'azldev.toml' file at its root. -- Most commands will not function correctly without a valid configuration.
##:##:## WRN =================================================================
