Parse error: /workdir/azldev.toml
1| invalid{
 |        ~ expected character =

##:##:## ERR Error loading configuration, execution may fail later; err="error loading project configuration:\nfailed to load project configuration:\nproject config file \"/workdir/azldev.toml\" contains invalid data:\ntoml: expected character ="
##:##:## ERR Error: a valid project and configuration are required to execute this command
##:##:## WRN =================================================================
##:##:## WRN     fix the configuration error: error loading project configuration:
failed to load project configuration:
project config file "/workdir/azldev.toml" contains invalid data:
toml: expected character =
##:##:## WRN     Please either use the -C option to specify a path to the root directory of your Azure Linux project/repo, or else run this tool from within a directory tree that contains an 'azldev.toml' file at its root. Most commands will not function correctly without a valid configuration.
##:##:## WRN =================================================================
